. webuse sysdsn1, clear
(Health insurance data)

. quietly mlogit insure age male nonwhite i.site

. predict p*
(option pr assumed; predicted probabilities)
(1 missing value generated)

. catmetrics insure, probs(p1 p2 p3) classmetrics noexcel ///
> metrics(P1 P2 P6 P14 P15 P16 P17 1 9 44 54 120 138 148 205)
WARNING: 29 observation(s) with missing data were removed.
(Indices removed: 5 8 22 41 63 110 144 177 189 216 225 241 242 255 268 301 308 338 343 41
> 2 487 494 513 521 537 566 614 620 636)

Confusion Matrix

    Actual |      1      2      3 |    Total 
-----------+----------------------+----------
 Predicted |                      |
         1 |    203    132     28 |      363 
         2 |     90    145     17 |      252 
         3 |      0      0      0 |        0 
-----------+----------------------+----------
     Total |    293    277     45 |      615 

Selected proper scores for probabilistic forecasts
----------------------------------------------
Score                    Range           Value
----------------------------------------------
P1 Brier score          [0 ← 1]         0.2699
P2 Logarithmic score    [0 ← ∞]         1.5835
P6 Spherical score      [0 ← 1]         0.3225
----------------------------------------------

Selected diagnostic measures for probabilistic forecasts
-----------------------------------------------------------------------------------------
--------
Score                             Range        Value    Class    Class    Class    Macro 
>    Wgted
                                                          (1)      (2)      (3)    averg 
>    averg
-----------------------------------------------------------------------------------------
--------
P14 Mean probability rate        [0 → 1]       0.460
P15 Normalized area under CAP    [0 → 1]                0.236    0.260    0.300    0.266 
>    0.252
P16 Normalized area under ROC    [0 → 1]                0.618    0.630    0.650    0.633 
>    0.626
P17 2AFC score #1                [0 → 1]       0.627
-----------------------------------------------------------------------------------------
--------

Selected measures of association & hard forecast evaluation
-----------------------------------------------------------------------------------------
-------------
Measure                                 Range     Value    Class    Class    Class     Ma
> cro     Wgted
                                                             (1)      (2)      (3)     av
> erg     averg
-----------------------------------------------------------------------------------------
-------------
1. Accuracy                           [0 → 1]     0.566                                  
>              
9. Balanced accuracy            [0 → 0.5 → 1]     0.405                                  
>              
44. Cohen kappa coefficient      [-1 → 0 → 1]     0.187                                  
>              
54. Czekanowski index                 [0 → 1]              0.619    0.548    0.000     0.
> 389     0.542
120. Gilbert skill score       [-.33 → 0 → 1]              0.107    0.116    0.000     0.
> 075     0.104
138. Gorodkin Rk coefficient     [-1 → 0 → 1]     0.191                                  
>              
148. Hit rate                         [0 → 1]              0.693    0.523    0.000     0.
> 405     0.566
205. Peirce skill score          [-1 → 0 → 1]     0.177                                  
>              
-----------------------------------------------------------------------------------------
-------------
